Basic pipe test
false
PASSED
Basic pipe negation test
false
PASSED
Length 1 negated pipe tests
PASSED
PASSED
