== no args ==
Quoted @
NonQuoted @
== empty args ==
Quoted @
param: ''
NonQuoted @
== three args ==
Quoted @
param: 'a'
param: 'b'
param: 'c'
NonQuoted @
param: 'a'
param: 'b'
param: 'c'
== args with space ==
Quoted @
param: 'a'
param: 'b c'
param: 'd'
NonQuoted @
param: 'a'
param: 'b'
param: 'c'
param: 'd'
