[error] basename: need at least one operand
[error] basename: does not accept more than two operands

.
/
/
//
\\
tat
