abc
a b c
avc
a b c
abc
PASSED
PASSED and OK
PASSED
PASSED
FAILED
PASSED and OK
FAILED
PASSED
FAILED
youyou FAILED
hello
