PASSED
Entering inner loop
Entering inner loop
Exiting inner loop
Entering inner loop
Exiting inner loop
0
0
1
