overwrite into .dotted_folder
* cat .dotted_folder/a
initial content of file a in .dotted_folder
* cat .dotted_folder/a
content of a

copy in relative directory
* cd relative_dir and ls
relative_a
* duplicate relative_dir/relative_a and ls
relative_a
relative_a_copy
* copy a from previous folder
copy_a
relative_a
relative_a_copy

overwrite file with extension
I'm supposed to be overwritten
This content must overwrite the other
