My value is hello or "hello" and we have a file d.res

Hehe

This is $ ` \ and \a
My value is $toto or "$toto" and we have a file `echo *.res`

Hehe

This is \$ \` \\ and \a
My value is $toto or "$toto" and we have a file `echo *.res`

Hehe

My value is $toto or "$toto" and we have a file `echo *.res`

Hehe

