++ Test shift 0
shift status: 0
$1='a'
$2='b'
$6=''
$#='5'
++ Test shift 
shift status: 0
$1='b'
$2='c'
$6=''
$#='4'
++ Test shift 2
shift status: 0
$1='d e'
$2='f'
$6=''
$#='2'
++ Test shift 25
shift status: 1
$1='d e'
$2='f'
$6=''
$#='2'
++ Test shift -1
shift status: 1
$1='d e'
$2='f'
$6=''
$#='2'
++ shift with non numerical argument should cause shell exit
1
++ shift with 2 arguments should cause shell exit
1
