erroneous writing - to many op
[error] bad math expression in  3 + - + - 4
[error] bad math expression in  3 * *  4

when a variable substitution leads to a non-valid arith expr
[error] ')' expected
[error] bad math expression in $str - 1
[error] ')' expected
[error] bad math expression in str - 1
[error] operator expected at : 'is'
[error] bad math expression in $str - 1
[error] operator expected at : 'is a string'
[error] bad math expression in str - 1

unknow character
[error] unexpected character : ~
[error] bad math expression in  1 ~ 21

unhandled operators
[error] ++ and -- operations are currently not supported in arith expr 
[error] bad math expression in 3 ++ 4
[error] ++ and -- operations are currently not supported in arith expr 
[error] bad math expression in y++
[error] ++ and -- operations are currently not supported in arith expr 
[error] bad math expression in y--
[error] ++ and -- operations are currently not supported in arith expr 
[error] bad math expression in ++y
[error] ++ and -- operations are currently not supported in arith expr 
[error] bad math expression in --y
