test export var=value var2=value2
var_value
var2_value
