

Quoted @
NonQuoted @


Quoted @
param: ''
NonQuoted @
a b c
a b c
Quoted @
param: 'a b'
param: 'c'
NonQuoted @
param: 'a'
param: 'b'
param: 'c'
