PASSED
PASSED
0
PASSED
PASSED
0
PASSED
1
0
before case
outside case
hello from case
hello3 from case
hello1 from case
ok 1
ok 2
ok 3
ok 4
ok 5
ok 6
ok 7
ok 8
ok 9
ok 10
ok 11
