== content of error.out ==
error
==
== content of file5.out ==
file5
==
