==== Get last line of file cr/lf line ending ====
12 2
13 1
status: 0
==== Get last line of file cr/lf line ending (last line without line ending) ====
13 1
last line without lineendingstatus: 0
