a:'1' b:'2' c:'3'
a:'aa' b:'bb' c:'cc'
a:'hello' b:'this' c:'is nico'
