PASSED
status: 1
PASSED
PASSED
status: 1
PASSED
PASSED
PASSED
status: 0
PASSED
PASSED
status: 0
PASSED
status: 0
PASSED
PASSED
PASSED
PASSED
PASSED
status: 0
