tata-2.txt tata.txt
tata*.txt
tata-2.txt tata.txt
